[www.blockchainfirm.io/img/logo-shortcut.png]
[maxcdn.bootstrapcdn.com/bootstrap/3.3.7/css/bootstrap.min.css]
[cdnjs.cloudflare.com/ajax/libs/twitter-bootstrap/3.3.7/css/bootstrap.min.css]
[netdna.bootstrapcdn.com/font-awesome/4.7.0/css/font-awesome.min.css]
[www.blockchainfirm.io/css/home.css]
[www.blockchainfirm.io/css/owl.carousel.min.css]
[www.blockchainfirm.io/css/style-dist.css]
[www.blockchainfirm.io/css/navigation.css]
[www.blockchainfirm.io/css/development-stage.css]
[www.blockchainfirm.io/css/about.css]
[www.blockchainfirm.io/css/responsive.css]
[www.blockchainfirm.io/css/404.css]
[www.blockchainfirm.io/css/success.css]
[www.blockchainfirm.io/css/devlop-approach.css]
[unpkg.com/aos@2.3.1/dist/aos.css]
[cdnjs.cloudflare.com/ajax/libs/jquery/2.1.3/jquery.min.js]
[maxcdn.bootstrapcdn.com/bootstrap/3.3.7/js/bootstrap.min.js]
[www.google.com/recaptcha/api.js]
[cdn.livechatinc.com/tracking.js]
[backblue.gif]
[fade.gif]
[index.html]
[www.blockchainfirm.io/img/logo.svg]
[www.blockchainfirm.io/img/dark-logo.svg]
[www.blockchainfirm.io/img/logo-img.svg]
[www.blockchainfirm.io/video/NFT-Development-services.mp4]
[www.blockchainfirm.io/video/Real-Estate-Tokenization.mp4]
[www.blockchainfirm.io/video/NFT-marketplace.mp4]
[www.blockchainfirm.io/video/CryptoWallet-Development.mp4]
[www.blockchainfirm.io/video/Cryptocurrency-Exchange.mp4]
[www.blockchainfirm.io/video/Smart-contract-services.mp4]
[www.blockchainfirm.io/video/DApps-development-services.mp4]
[www.blockchainfirm.io/video/Crypto-Trading-Bot.mp4]
[www.blockchainfirm.io/video/End-to-End-blockchain-development_Ver.mp4]
[www.blockchainfirm.io/img/solutions/3d-icon/fintech.png]
[www.blockchainfirm.io/img/solutions/3d-icon/Healthcare.png]
[www.blockchainfirm.io/img/solutions/3d-icon/Supply Chain.png]
[www.blockchainfirm.io/img/solutions/3d-icon/Real-Estate.png]
[www.blockchainfirm.io/img/solutions/3d-icon/sm.png]
[www.blockchainfirm.io/img/solutions/3d-icon/Gaming.png]
[www.blockchainfirm.io/img/solutions/3d-icon/E-commerce.png]
[www.blockchainfirm.io/img/solutions/3d-icon/Insurance.png]
[www.blockchainfirm.io/img/solutions/3d-icon/Digital-Identity.png]
[www.blockchainfirm.io/img/solutions/3d-icon/Education.png]
[www.blockchainfirm.io/img/solutions/3d-icon/Reward.png]
[www.blockchainfirm.io/img/solutions/3d-icon/Voting.png]
[www.blockchainfirm.io/img/testimonial.jpg]
[blog.blockchainfirm.io/wp-content/uploads/2020/04/crypto-wallet-1024x575.png]
[blog.blockchainfirm.io/wp-content/uploads/2020/03/guid-1-1024x575.png]
[blog.blockchainfirm.io/wp-content/uploads/2020/04/decentralised--1024x575.png]
[www.blockchainfirm.io/img/newsletter.png]
[www.blockchainfirm.io/img/test.gif]
[www.blockchainfirm.io/img/partners/1.png]
[www.blockchainfirm.io/img/partners/2.png]
[www.blockchainfirm.io/img/partners/3.png]
[www.blockchainfirm.io/img/partners/4.png]
[www.blockchainfirm.io/img/partners/5.png]
[www.blockchainfirm.io/img/partners/6.png]
[www.blockchainfirm.io/img/partners/7.png]
[www.blockchainfirm.io/img/partners/8.png]
[www.blockchainfirm.io/img/partners/9.png]
[www.blockchainfirm.io/img/loader.gif]
[www.blockchainfirm.io/img/done.png]
[www.blockchainfirm.io/js/owl.carousel.min.js]
[www.blockchainfirm.io/img/copyright/_dmca_premi_badge_4.png]
[www.blockchainfirm.io/img/copyright/copyscape-banner-white-110x36.png]
[rawgit.com/kottenator/jquery-circle-progress/1.2.1/dist/circle-progress.js]
[www.blockchainfirm.io/js/faq.js]
[unpkg.com/aos@2.3.1/dist/aos.js]
[www.blockchainfirm.io/js/recaptcha.api.js]
[cdnjs.cloudflare.com/ajax/libs/moment.js/2.11.1/moment.min.js]
[cdnjs.cloudflare.com/ajax/libs/moment-timezone/0.5.3/moment-timezone-with-data.min.js]
[www.blockchainfirm.io/index.html]
[maxcdn.bootstrapcdn.com/bootstrap/3.3.7/css/bootstrap.min.css]
[cdnjs.cloudflare.com/ajax/libs/twitter-bootstrap/3.3.7/css/bootstrap.min.css]
[netdna.bootstrapcdn.com/font-awesome/4.7.0/css/font-awesome.min.css]
[www.blockchainfirm.io/js/timezone.js]
[www.blockchainfirm.io/img/bg.jpg]
[www.blockchainfirm.io/css/home.css]
[www.blockchainfirm.io/img/contact-bg/bg-3.svg]
[www.blockchainfirm.io/css/owl.carousel.min.css]
[www.blockchainfirm.io/img/arrow-about.svg]
[www.blockchainfirm.io/img/about-us/about-bg.svg]
[djit.ac/assets/images/news/mark.png]
[www.blockchainfirm.io/img/spinner-1.gif]
[www.blockchainfirm.io/img/dotted-circle.svg]
[www.blockchainfirm.io/css/style-dist.css]
[www.blockchainfirm.io/css/navigation.css]
[www.blockchainfirm.io/css/development-stage.css]
[www.blockchainfirm.io/img/about-us-new/5.jpg]
[www.blockchainfirm.io/img/about-us-new/8.jpg]
[www.blockchainfirm.io/img/about-us-new/9.jpg]
[www.blockchainfirm.io/img/about-us-new/4.jpg]
[www.blockchainfirm.io/img/about-us-new/3.jpg]
[www.blockchainfirm.io/img/about-us-new/2.jpg]
[www.blockchainfirm.io/img/about-us-new/6.jpg]
[www.blockchainfirm.io/img/about-us-new/7.jpg]
[www.blockchainfirm.io/css/about.css]
[www.blockchainfirm.io/css/responsive.css]
[www.blockchainfirm.io/css/404.css]
[www.blockchainfirm.io/css/success.css]
[www.blockchainfirm.io/css/devlop-approach.css]
[unpkg.com/aos@2.3.1/dist/aos.css]
[www.googletagmanager.com/gtm5445.html]
[www.blockchainfirm.io/“https_/www.livechatinc.com/chat-with/10480532/”.html]
[www.blockchainfirm.io/“https_/www.livechatinc.com/indexcf48.html]
[www.blockchainfirm.io/img/logo.svg]
[www.blockchainfirm.io/img/dark-logo.svg]
[www.blockchainfirm.io/img/develop-app/arrow.svg]
[www.blockchainfirm.io/img/about-us-new/1.png]
[www.blockchainfirm.io/img/awards/award-2.png]
[www.blockchainfirm.io/img/awards/award-4.png]
[www.blockchainfirm.io/img/awards/list-blockchain-technology-companies.svg]
[www.blockchainfirm.io/img/awards/award-5.png]
[www.blockchainfirm.io/img/awards/award-1.png]
[www.blockchainfirm.io/img/awards/award-3.png]
[www.blockchainfirm.io/about-us.html]
[www.blockchainfirm.io/css/nft-market.css]
[www.blockchainfirm.io/css/nft-circle-animation.css]
[www.blockchainfirm.io/img/nft/nft-marketplace-01.jpg]
[www.blockchainfirm.io/img/nft/art.svg]
[www.blockchainfirm.io/img/nft/music.svg]
[www.blockchainfirm.io/img/nft/game.svg]
[www.blockchainfirm.io/img/nft/digital-collectibles.svg]
[www.blockchainfirm.io/img/nft/sports.svg]
[www.blockchainfirm.io/img/nft/metaverse.svg]
[www.blockchainfirm.io/img/nft/investment.svg]
[www.blockchainfirm.io/img/nft/customer.svg]
[www.blockchainfirm.io/img/nft/business.svg]
[www.blockchainfirm.io/img/nft/security-1.svg]
[www.blockchainfirm.io/img/nft/transactions.svg]
[www.blockchainfirm.io/img/services/service-web/nft.png]
[www.blockchainfirm.io/img/nft/UI & UX.svg]
[www.blockchainfirm.io/img/nft/Peer-to-Peer Exchange Platform.svg]
[www.blockchainfirm.io/img/nft/Security.svg]
[www.blockchainfirm.io/img/Development Approach/Cost Estimation.svg]
[www.blockchainfirm.io/img/Development Approach/Design & Development.svg]
[www.blockchainfirm.io/img/Development Approach/Wallet Integration.svg]
[www.blockchainfirm.io/img/Development Approach/Testing.svg]
[www.blockchainfirm.io/img/Development Approach/Launch.svg]
[www.blockchainfirm.io/img/blog-nft.jpg]
[blog.blockchainfirm.io/wp-content/uploads/2021/04/ntfs-2-1024x575.png]
[blog.blockchainfirm.io/wp-content/uploads/2022/01/Artboard-2-copy-100.jpg]
[www.blockchainfirm.io/nft-marketplace-development.html]
[www.blockchainfirm.io/js/circle-animation.js]
[www.blockchainfirm.io/css/crypto-exchange-new.css]
[www.blockchainfirm.io/img/crypto-exchange/crypto-exchange-1.jpg]
[www.blockchainfirm.io/img/crypto-exchange/peer-to-peer-exchange.svg]
[www.blockchainfirm.io/img/crypto-exchange/centralized-crypto-exchange.svg]
[www.blockchainfirm.io/img/crypto-exchange/decentralized-exchange.svg]
[www.blockchainfirm.io/img/crypto-exchange/counter-exchange-development.svg]
[www.blockchainfirm.io/img/crypto-exchange/withdrawl-fees.svg]
[www.blockchainfirm.io/img/crypto-exchange/trading-commision.svg]
[www.blockchainfirm.io/img/crypto-exchange/listing-fees.svg]
[www.blockchainfirm.io/img/crypto-exchange/market-making.svg]
[www.blockchainfirm.io/img/crypto-exchange/fund-collection.svg]
[www.blockchainfirm.io/img/services/service-web/exchange.png]
[www.blockchainfirm.io/img/crypto-exchange/ui-ux.svg]
[www.blockchainfirm.io/img/crypto-exchange/matching-engine.svg]
[www.blockchainfirm.io/img/crypto-exchange/api-integration.svg]
[www.blockchainfirm.io/img/crypto-exchange/security.svg]
[www.blockchainfirm.io/img/crypto-exchange/peer-to-peer-exchange-platform.svg]
[www.blockchainfirm.io/img/crypto-exchange/support.svg]
[blog.blockchainfirm.io/wp-content/uploads/2020/05/exchange-crypto-1024x575.png]
[blog.blockchainfirm.io/wp-content/uploads/2020/10/liquidity-1024x575.png]
[blog.blockchainfirm.io/wp-content/uploads/2020/10/Detailed-overview-of-p2p-1024x575.png]
[www.blockchainfirm.io/blockchain-exchange-development-company.html]
[www.blockchainfirm.io/css/crypto-trading-bot-development.css]
[pro.fontawesome.com/releases/v5.10.0/css/all.css]
[www.blockchainfirm.io/img/crypto-trading-bot-development/trading-bot-1.jpg]
[www.blockchainfirm.io/img/crypto-trading-bot-development/automation-of-trading-strategies.svg]
[www.blockchainfirm.io/img/crypto-trading-bot-development/integration-ready-bots.svg]
[www.blockchainfirm.io/img/crypto-trading-bot-development/crypto-cloud-services.svg]
[www.blockchainfirm.io/img/crypto-trading-bot-development/market-making-bots.svg]
[www.blockchainfirm.io/img/crypto-trading-bot-development/trading-bot-customization.svg]
[www.blockchainfirm.io/img/crypto-trading-bot-development/trading-bot-integration.svg]
[www.blockchainfirm.io/img/crypto-trading-bot-development/saas.svg]
[www.blockchainfirm.io/img/crypto-trading-bot-development/subscription.svg]
[www.blockchainfirm.io/img/crypto-trading-bot-development/business.svg]
[www.blockchainfirm.io/img/crypto-trading-bot-development/cloud-integration.svg]
[www.blockchainfirm.io/img/services/service-web/trading-bot.png]
[www.blockchainfirm.io/img/crypto-trading-bot-development/ui-ux.svg]
[www.blockchainfirm.io/img/crypto-trading-bot-development/strategy-analysis.svg]
[www.blockchainfirm.io/img/crypto-trading-bot-development/real-time-testing.svg]
[www.blockchainfirm.io/img/crypto-trading-bot-development/accuracy-calculation.svg]
[www.blockchainfirm.io/img/crypto-trading-bot-development/launch.svg]
[www.blockchainfirm.io/img/crypto-trading-bot-development/regulated-environment.svg]
[www.blockchainfirm.io/img/Development Approach/Requirements Gathering.svg]
[www.blockchainfirm.io/img/Development Approach/MVP Design.svg]
[blog.blockchainfirm.io/wp-content/uploads/2020/05/robot-1024x575.png]
[blog.blockchainfirm.io/wp-content/uploads/2020/10/crypto-trading-bots-1024x575.png]
[www.blockchainfirm.io/img/blogs/blog3.png]
[www.blockchainfirm.io/cryptocurrency-trading-bots.html]
[www.blockchainfirm.io/css/multicurrency-wallet.css]
[www.blockchainfirm.io/img/multi-currency-wallet/multi-currency-wallet-1.jpg]
[www.blockchainfirm.io/img/multi-currency-wallet/defi-wallet.svg]
[www.blockchainfirm.io/img/multi-currency-wallet/nft-wallet.svg]
[www.blockchainfirm.io/img/multi-currency-wallet/custodial-wallet.svg]
[www.blockchainfirm.io/img/multi-currency-wallet/mobile-wallet.svg]
[www.blockchainfirm.io/img/multi-currency-wallet/two factor auth.svg]
[www.blockchainfirm.io/img/multi-currency-wallet/session-logout.svg]
[www.blockchainfirm.io/img/multi-currency-wallet/threat-protrction.svg]
[www.blockchainfirm.io/img/multi-currency-wallet/wallet-backup.svg]
[www.blockchainfirm.io/img/multi-currency-wallet/breach-investigation.svg]
[www.blockchainfirm.io/img/multi-currency-wallet/email-authentication.svg]
[www.blockchainfirm.io/img/services/service-web/wallet-development.png]
[www.blockchainfirm.io/img/multi-currency-wallet/planning.svg]
[www.blockchainfirm.io/img/multi-currency-wallet/development.svg]
[www.blockchainfirm.io/img/multi-currency-wallet/testing.svg]
[blog.blockchainfirm.io/wp-content/uploads/2020/06/wallet-1-1024x575.png]
[blog.blockchainfirm.io/wp-content/uploads/2020/05/wallet2-1024x575.png]
[www.blockchainfirm.io/blockchain-wallet-development-company.html]
[www.blockchainfirm.io/css/crypto-exchange.css]
[www.blockchainfirm.io/css/solution.css]
[www.blockchainfirm.io/img/Blockchain consulting-1.jpg]
[www.blockchainfirm.io/img/solutions/ieo/trust.svg]
[www.blockchainfirm.io/img/icons/Transparent.svg]
[www.blockchainfirm.io/img/solutions/ieo/kyc-aml.svg]
[www.blockchainfirm.io/img/icons/Quick-Process.svg]
[www.blockchainfirm.io/img/icons/High-Success-Rate.svg]
[www.blockchainfirm.io/img/nft/finalzing requirments.svg]
[www.blockchainfirm.io/img/nft/consensus understanding.svg]
[www.blockchainfirm.io/img/nft/feedback and improvement.svg]
[www.blockchainfirm.io/img/nft/audit & fixes.svg]
[www.blockchainfirm.io/img/nft/risk management.svg]
[www.blockchainfirm.io/img/nft/unique tech.svg]
[www.blockchainfirm.io/img/nft/advanced solutions.svg]
[www.blockchainfirm.io/blockchain-consulting-company.html]
[www.blockchainfirm.io/img/Development Approach/Blockchain Development.svg]
[www.blockchainfirm.io/img/bn-devlop/Blockchain development.jpg]
[www.blockchainfirm.io/img/bn-devlop/health care.svg]
[www.blockchainfirm.io/img/bn-devlop/gaming.svg]
[www.blockchainfirm.io/img/bn-devlop/suppluchain.svg]
[www.blockchainfirm.io/img/bn-devlop/banking.svg]
[www.blockchainfirm.io/img/bn-devlop/education.svg]
[www.blockchainfirm.io/img/bn-devlop/insurance.svg]
[www.blockchainfirm.io/img/nft/operational efficiecy.svg]
[www.blockchainfirm.io/img/nft/rsk management.svg]
[www.blockchainfirm.io/img/nft/more revenue streams.svg]
[www.blockchainfirm.io/img/nft/new oppoturnity.svg]
[www.blockchainfirm.io/img/bn-devlop/hyperledger.svg]
[www.blockchainfirm.io/img/bn-devlop/eos.svg]
[www.blockchainfirm.io/img/bn-devlop/tezos.svg]
[www.blockchainfirm.io/blockchain-development-services.html]
[www.blockchainfirm.io/img/bn-devlop/tron.svg]
[www.blockchainfirm.io/img/realestate-token/realestate-token-1.jpg]
[www.blockchainfirm.io/img/realestate-token/property listing.svg]
[www.blockchainfirm.io/img/realestate-token/hybrid token.svg]
[www.blockchainfirm.io/img/realestate-token/fraction ownership.svg]
[www.blockchainfirm.io/img/realestate-token/crowd funding.svg]
[www.blockchainfirm.io/img/realestate-token/leasing and rental .svg]
[www.blockchainfirm.io/img/realestate-token/loan and mortgage.svg]
[www.blockchainfirm.io/img/realestate-token/High-Volume Liquidity.svg]
[www.blockchainfirm.io/img/realestate-token/Globalization.svg]
[www.blockchainfirm.io/img/realestate-token/Instant Transaction Settlements.svg]
[www.blockchainfirm.io/img/realestate-token/Cost-efficiency.svg]
[www.blockchainfirm.io/img/realestate-token/Data Transparency.svg]
[www.blockchainfirm.io/img/realestate-token/Customizability.svg]
[www.blockchainfirm.io/img/realestate-token/Process Automation.svg]
[www.blockchainfirm.io/img/realestate-token/Diversified Property Portfolio.svg]
[www.blockchainfirm.io/img/realestate-token/proof of ownership.svg]
[www.blockchainfirm.io/img/services/service-web/real-estate.png]
[www.blockchainfirm.io/img/realestate-token/requirements and mvp.svg]
[www.blockchainfirm.io/img/realestate-token/smart contract implementation.svg]
[www.blockchainfirm.io/img/realestate-token/nft token.svg]
[www.blockchainfirm.io/img/realestate-token/website development.svg]
[www.blockchainfirm.io/img/realestate-token/customized token.svg]
[www.blockchainfirm.io/img/realestate-token/Marketing service.svg]
[blog.blockchainfirm.io/wp-content/uploads/2020/01/RE-solve-1024x575.png]
[blog.blockchainfirm.io/wp-content/uploads/2020/04/industry-1-1024x575.png]
[blog.blockchainfirm.io/wp-content/uploads/2020/06/10-d-apps-1-1024x575.png]
[www.blockchainfirm.io/real-estate-tokenization-services.html]
[www.blockchainfirm.io/img/ico-develop/ico devlp.jpg]
[www.blockchainfirm.io/img/ico-develop/global-outreach.svg]
[www.blockchainfirm.io/img/ico-develop/great-oppurtunities.svg]
[www.blockchainfirm.io/img/ico-develop/easy-accessiility.svg]
[www.blockchainfirm.io/img/ico-develop/large-funds.svg]
[www.blockchainfirm.io/img/ico-develop/business flow.svg]
[www.blockchainfirm.io/img/ico-develop/token dev.svg]
[www.blockchainfirm.io/img/ico-develop/white paper.svg]
[www.blockchainfirm.io/img/ico-develop/DASHBOARD DESIGN.svg]
[www.blockchainfirm.io/img/ico-develop/smart contract.svg]
[www.blockchainfirm.io/img/ico-develop/EXCHANGE LISTING.svg]
[www.blockchainfirm.io/img/ico-develop/Market analysis-1.svg]
[www.blockchainfirm.io/img/ico-develop/community outreach.svg]
[www.blockchainfirm.io/img/ico-develop/social channels-1.svg]
[www.blockchainfirm.io/img/ico-develop/paid advertising-1.svg]
[www.blockchainfirm.io/img/ico-develop/validation.svg]
[www.blockchainfirm.io/img/ico-develop/deesign and dev.svg]
[www.blockchainfirm.io/img/ico-develop/marketing-1.svg]
[www.blockchainfirm.io/img/services/service-web/ico-develop.png]
[www.blockchainfirm.io/img/Development Approach/ICO Fundraising.svg]
[www.blockchainfirm.io/ico-development-services.html]
[www.blockchainfirm.io/img/Development Approach/Coin Listing.svg]
[www.blockchainfirm.io/img/solutions/ieo/IEO Development.jpg]
[www.blockchainfirm.io/img/crypto-trading-bot-development/market analysis.svg]
[www.blockchainfirm.io/img/crypto-trading-bot-development/website creation.svg]
[www.blockchainfirm.io/img/crypto-trading-bot-development/social channels.svg]
[www.blockchainfirm.io/img/crypto-trading-bot-development/paid advertising.svg]
[www.blockchainfirm.io/img/solutions/ieo/landing page development.svg]
[www.blockchainfirm.io/img/solutions/ieo/website creation.svg]
[www.blockchainfirm.io/img/solutions/ieo/marketing research.svg]
[www.blockchainfirm.io/img/solutions/ieo/social media management.svg]
[www.blockchainfirm.io/img/solutions/ieo/community engagement.svg]
[www.blockchainfirm.io/img/solutions/ieo/reputation management.svg]
[www.blockchainfirm.io/img/solutions/ieo/content managment.svg]
[www.blockchainfirm.io/img/solutions/ieo/press releases.svg]
[www.blockchainfirm.io/img/solutions/ieo/email marketing.svg]
[www.blockchainfirm.io/img/solutions/ieo/influencr marketing.svg]
[www.blockchainfirm.io/img/solutions/ieo/paid advertising.svg]
[www.blockchainfirm.io/initial-exchange-offering.html]
[www.blockchainfirm.io/img/solutions/ieo/video marketing.svg]
[www.blockchainfirm.io/img/solutions/smart-contract-development-services/Smart-contract-1.jpg]
[www.blockchainfirm.io/img/solutions/smart-contract-development-services/erc-20 smart contract.svg]
[www.blockchainfirm.io/img/solutions/smart-contract-development-services/contract for stable coins.svg]
[www.blockchainfirm.io/img/solutions/smart-contract-development-services/erc-721 smart contract.svg]
[www.blockchainfirm.io/img/solutions/smart-contract-development-services/token management.svg]
[www.blockchainfirm.io/img/solutions/smart-contract-development-services/automation.svg]
[www.blockchainfirm.io/img/solutions/smart-contract-development-services/independent.svg]
[www.blockchainfirm.io/img/solutions/smart-contract-development-services/transparency.svg]
[www.blockchainfirm.io/img/solutions/smart-contract-development-services/trust.svg]
[www.blockchainfirm.io/img/solutions/smart-contract-development-services/accuracy.svg]
[www.blockchainfirm.io/img/solutions/smart-contract-development-services/core development.svg]
[www.blockchainfirm.io/img/solutions/smart-contract-development-services/deployment and testing.svg]
[www.blockchainfirm.io/smart-contract-development-services.html]
[www.blockchainfirm.io/img/Development Approach/Smart Contract Audit.svg]
[www.blockchainfirm.io/img/dapp-icon/Dapps devlp.jpg]
[www.blockchainfirm.io/img/dapp-icon/transaction feee.svg]
[www.blockchainfirm.io/img/dapp-icon/premium fun.svg]
[www.blockchainfirm.io/img/dapp-icon/advertisement.svg]
[www.blockchainfirm.io/img/dapp-icon/tokenizing.svg]
[www.blockchainfirm.io/img/dapp-icon/donations.svg]
[www.blockchainfirm.io/img/dapp-icon/membership.svg]
[www.blockchainfirm.io/img/dapp-icon/Ethereum.svg]
[www.blockchainfirm.io/img/dapp-icon/eos.svg]
[www.blockchainfirm.io/img/dapp-icon/tezos.svg]
[www.blockchainfirm.io/img/dapp-icon/hashgraph.svg]
[www.blockchainfirm.io/img/dapp-icon/hyperledger.svg]
[www.blockchainfirm.io/img/dapp-icon/stellar.svg]
[www.blockchainfirm.io/img/dapp-icon/tron.svg]
[www.blockchainfirm.io/img/dapp-icon/corda.svg]
[www.blockchainfirm.io/img/dapp-icon/Android App Development.svg]
[www.blockchainfirm.io/img/dapp-icon/iOS App Development.svg]
[www.blockchainfirm.io/blockchain-dapps-development-company.html]
[www.blockchainfirm.io/img/dapp-icon/Cross-platform App Development.svg]
[www.blockchainfirm.io/img/solutions/nft-development/NFT development-1.jpg]
[www.blockchainfirm.io/img/crypto-trading-bot-development/fractional.svg]
[www.blockchainfirm.io/img/solutions/nft-development/nft artist.svg]
[www.blockchainfirm.io/img/solutions/nft-development/game.svg]
[www.blockchainfirm.io/img/solutions/nft-development/apparels and accessories.svg]
[www.blockchainfirm.io/img/solutions/nft-development/video content.svg]
[www.blockchainfirm.io/img/solutions/nft-development/event tickets.svg]
[www.blockchainfirm.io/img/solutions/nft-development/domain name.svg]
[www.blockchainfirm.io/img/solutions/nft-development/sport.svg]
[www.blockchainfirm.io/img/solutions/nft-development/real estate.svg]
[www.blockchainfirm.io/img/solutions/nft-token/token scarcity.svg]
[www.blockchainfirm.io/img/solutions/nft-token/uniqueness.svg]
[www.blockchainfirm.io/img/solutions/nft-token/indivisible.svg]
[www.blockchainfirm.io/img/solutions/nft-token/easy to tranfer.svg]
[www.blockchainfirm.io/img/solutions/nft-token/trustworthy.svg]
[www.blockchainfirm.io/img/solutions/nft-token/ownership rights.svg]
[www.blockchainfirm.io/nft-token-development.html]
[www.blockchainfirm.io/js/crypto-development.js]
[www.blockchainfirm.io/css/end-to-end.css]
[www.blockchainfirm.io/img/end-to-end/blockchain-consulting-services-1.jpg]
[www.blockchainfirm.io/img/end-to-end/poc.svg]
[www.blockchainfirm.io/img/end-to-end/dapps.svg]
[www.blockchainfirm.io/img/end-to-end/smart-contract.svg]
[www.blockchainfirm.io/img/bot.svg]
[www.blockchainfirm.io/img/end-to-end/support&maintenace.svg]
[www.blockchainfirm.io/img/end-to-end/supply-chain.svg]
[www.blockchainfirm.io/img/end-to-end/financial-management.svg]
[www.blockchainfirm.io/img/end-to-end/healthcare-maangement.svg]
[www.blockchainfirm.io/img/end-to-end/asset-management.svg]
[www.blockchainfirm.io/img/end-to-end/insurance-management.svg]
[www.blockchainfirm.io/end-to-end-blockchain-development.html]
[www.blockchainfirm.io/img/end-to-end/ecommerce.svg]
[www.blockchainfirm.io/css/solution-new.css]
[www.blockchainfirm.io/img/solutions/solution-about/finance_about.jpg]
[www.blockchainfirm.io/img/solutions/enhanced/P2P Transactions.gif]
[www.blockchainfirm.io/img/solutions/enhanced/Decentralized Infrastructure.gif]
[www.blockchainfirm.io/img/solutions/enhanced/Consensus Governance.gif]
[www.blockchainfirm.io/img/solutions/enhanced/Accurate Transactions.gif]
[www.blockchainfirm.io/img/solutions/enhanced/Crypto Adoption.gif]
[www.blockchainfirm.io/img/solutions/enhanced/High-end Security.gif]
[www.blockchainfirm.io/img/solutions/benefits-bg.png]
[www.blockchainfirm.io/img/solutions/soluiton-icons/increase_capital.svg]
[www.blockchainfirm.io/img/solutions/soluiton-icons/early_adopter_of_new_technology.svg]
[www.blockchainfirm.io/img/solutions/soluiton-icons/automated_system.svg]
[www.blockchainfirm.io/img/solutions/soluiton-icons/simplified_process.svg]
[www.blockchainfirm.io/img/solutions/soluiton-icons/documentation.svg]
[www.blockchainfirm.io/img/solutions/soluiton-icons/admin.svg]
[www.blockchainfirm.io/img/solutions/soluiton-icons/Smart_Contract.svg]
[www.blockchainfirm.io/img/solutions/soluiton-icons/dapp.svg]
[www.blockchainfirm.io/img/solutions/soluiton-icons/Crypto_Payment_Gateway.svg]
[www.blockchainfirm.io/blockchain-in-financial-services.html]
[www.blockchainfirm.io/img/solutions/soluiton-icons/Support_Maintenance.svg]
[www.blockchainfirm.io/img/solutions/solution-about/ecommerce_about.jpg]
[www.blockchainfirm.io/img/solutions/soluiton-icons/No_Mediators.svg]
[www.blockchainfirm.io/img/solutions/soluiton-icons/automatic_approvals.svg]
[www.blockchainfirm.io/img/solutions/soluiton-icons/Partnership_Benefits.svg]
[www.blockchainfirm.io/img/solutions/soluiton-icons/Increased_Revenue.svg]
[www.blockchainfirm.io/blockchain-in-ecommerce.html]
[www.blockchainfirm.io/img/solutions/soluiton-icons/dappicon.svg]
[www.blockchainfirm.io/img/solutions/solution-about/healthcare_about.jpg]
[www.blockchainfirm.io/img/solutions/soluiton-icons/Medical_Registry.svg]
[www.blockchainfirm.io/img/solutions/soluiton-icons/Consultation_Automation.svg]
[www.blockchainfirm.io/img/solutions/soluiton-icons/Drug_Trial_Data.svg]
[www.blockchainfirm.io/blockchain-in-healthcare.html]
[www.blockchainfirm.io/img/solutions/soluiton-icons/Quick_Claims_Adjudication.svg]
[www.blockchainfirm.io/img/solutions/solution-about/insurance_about.jpg]
[www.blockchainfirm.io/img/solutions/soluiton-icons/Automation_processes.svg]
[www.blockchainfirm.io/img/solutions/soluiton-icons/Customer_Engagement.svg]
[www.blockchainfirm.io/img/solutions/soluiton-icons/iot.svg]
[www.blockchainfirm.io/blockchain-in-insurance.html]
[www.blockchainfirm.io/img/solutions/soluiton-icons/insurance_access.svg]
[www.blockchainfirm.io/img/solutions/solution-about/supplychain_about.jpg]
[www.blockchainfirm.io/img/solutions/soluiton-icons/Reduced_Frauds.svg]
[www.blockchainfirm.io/img/solutions/soluiton-icons/data_management.svg]
[www.blockchainfirm.io/blockchain-in-supply-chain.html]
[www.blockchainfirm.io/img/solutions/soluiton-icons/visibility_traceability.svg]
[www.blockchainfirm.io/img/solutions/solution-about/rewards_about.jpg]
[www.blockchainfirm.io/img/solutions/soluiton-icons/Advance_Bounty_Experience.svg]
[www.blockchainfirm.io/img/solutions/soluiton-icons/Streamlined_payment_process.svg]
[www.blockchainfirm.io/img/solutions/soluiton-icons/Widened_User_Base.svg]
[www.blockchainfirm.io/blockchain-reward-solutions.html]
[www.blockchainfirm.io/img/solutions/soluiton-icons/mvp.svg]
[www.blockchainfirm.io/img/solutions/solution-about/social_media_about.jpg]
[www.blockchainfirm.io/img/solutions/soluiton-icons/User_privacy.svg]
[www.blockchainfirm.io/img/solutions/soluiton-icons/Users_content_saved.svg]
[www.blockchainfirm.io/img/solutions/soluiton-icons/sharing_content.svg]
[www.blockchainfirm.io/blockchain-in-social-media.html]
[www.blockchainfirm.io/img/solutions/soluiton-icons/Launch_NFT.svg]
[www.blockchainfirm.io/img/solutions/gaming/Solution_Gaming_Section_Render_1.jpg]
[www.blockchainfirm.io/blockchain-in-gaming.html]
[www.blockchainfirm.io/img/solutions/solution-about/digitial_identity_about.jpg]
[www.blockchainfirm.io/blockchain-in-digital-identity.html]
[www.blockchainfirm.io/img/solutions/Solution_education-about.jpg]
[www.blockchainfirm.io/img/solutions/soluiton-icons/learning_process.svg]
[www.blockchainfirm.io/img/solutions/soluiton-icons/wide_user.svg]
[www.blockchainfirm.io/blockchain-in-education.html]
[www.blockchainfirm.io/img/solutions/soluiton-icons/p2p_education.svg]
[calendly.com/assets/external/widget.css]
[www.blockchainfirm.io/css/consultation.css]
[www.blockchainfirm.io/img/consultation/salman.png]
[www.blockchainfirm.io/img/consultation/01_arivazhagan.jpg]
[www.blockchainfirm.io/img/consultation/02_kajol.jpg]
[www.blockchainfirm.io/img/consultation/03_varun.jpg]
[www.blockchainfirm.io/img/consultation/04_libin.jpg]
[www.blockchainfirm.io/img/consultation/05_hari_ram.jpg]
[www.blockchainfirm.io/blockchain-consultant.html]
[www.blockchainfirm.io/img/logo-img.svg]
[www.blockchainfirm.io/img/stage-line.html]
[www.blockchainfirm.io/terms-and-condition.html]
[www.blockchainfirm.io/img/active-rightarrow.svg]
[www.blockchainfirm.io/privacy-policy.html]
[www.blockchainfirm.io/img/social-media/Page-2.svg]
[www.blockchainfirm.io/img/social-media/Page-1.svg]
[www.blockchainfirm.io/img/grid-bg.svg]
[www.blockchainfirm.io/img/accordion-arrowup.svg]
[www.blockchainfirm.io/img/accordion-arrow.svg]
[www.blockchainfirm.io/img/contact-bg/bg-3.svg]
[www.blockchainfirm.io/css/owl.video.play.html]
[www.blockchainfirm.io/img/arrow-about.svg]
[www.blockchainfirm.io/img/about-us/about-bg.svg]
[www.blockchainfirm.io/img/chevron-down.svg]
[www.blockchainfirm.io/img/dotted-circle.svg]
[www.blockchainfirm.io/img/left-arrow.svg]
[www.blockchainfirm.io/img/right-arrow.svg]
[www.blockchainfirm.io/img/about-us/about-grid.svg]
[www.blockchainfirm.io/img/about-us/bg-tile-dark.svg]
[www.blockchainfirm.io/img/slider.html]
[www.blockchainfirm.io/img/develop-app/arrow.svg]
[www.blockchainfirm.io/img/about-us/quotes.svg]
[www.blockchainfirm.io/img/awards/list-blockchain-technology-companies.svg]
[www.blockchainfirm.io/img/services-banner/NFT-Marketplace-Development.jpg]
[www.blockchainfirm.io/css/nft-market.css]
[www.blockchainfirm.io/css/nft-circle-animation.css]
[www.blockchainfirm.io/img/nft/art.svg]
[www.blockchainfirm.io/img/nft/music.svg]
[www.blockchainfirm.io/img/nft/game.svg]
[www.blockchainfirm.io/img/nft/digital-collectibles.svg]
[www.blockchainfirm.io/img/nft/real-estate.svg]
[www.blockchainfirm.io/img/nft/sports.svg]
[www.blockchainfirm.io/img/nft/metaverse.svg]
[www.blockchainfirm.io/img/nft/investment.svg]
[www.blockchainfirm.io/img/nft/customer.svg]
[www.blockchainfirm.io/img/nft/business.svg]
[www.blockchainfirm.io/img/nft/security-1.svg]
[www.blockchainfirm.io/img/nft/transactions.svg]
[www.blockchainfirm.io/img/services/service-web/gradient-circle.svg]
[www.blockchainfirm.io/img/nft/UI & UX.svg]
[www.blockchainfirm.io/img/nft/Peer-to-Peer Exchange Platform.svg]
[www.blockchainfirm.io/img/nft/Security.svg]
[www.blockchainfirm.io/img/Development Approach/Analysis.svg]
[www.blockchainfirm.io/img/Development Approach/Cost Estimation.svg]
[www.blockchainfirm.io/img/Development Approach/Design & Development.svg]
[www.blockchainfirm.io/img/Development Approach/Wallet Integration.svg]
[www.blockchainfirm.io/img/Development Approach/Testing.svg]
[www.blockchainfirm.io/img/Development Approach/Launch.svg]
[www.blockchainfirm.io/img/nft/bg-banner.svg]
[www.blockchainfirm.io/img/crypto-exchange/Cryptocurrency-Exchange-Development.jpg]
[www.blockchainfirm.io/img/realestate-token/Real-Estate-Tokenization.jpg]
[www.blockchainfirm.io/css/crypto-exchange-new.css]
[www.blockchainfirm.io/img/crypto-exchange/peer-to-peer-exchange.svg]
[www.blockchainfirm.io/img/crypto-exchange/centralized-crypto-exchange.svg]
[www.blockchainfirm.io/img/crypto-exchange/decentralized-exchange.svg]
[www.blockchainfirm.io/img/crypto-exchange/counter-exchange-development.svg]
[www.blockchainfirm.io/img/crypto-exchange/withdrawl-fees.svg]
[www.blockchainfirm.io/img/crypto-exchange/trading-commision.svg]
[www.blockchainfirm.io/img/crypto-exchange/listing-fees.svg]
[www.blockchainfirm.io/img/crypto-exchange/market-making.svg]
[www.blockchainfirm.io/img/crypto-exchange/fund-collection.svg]
[www.blockchainfirm.io/img/crypto-exchange/ui-ux.svg]
[www.blockchainfirm.io/img/crypto-exchange/matching-engine.svg]
[www.blockchainfirm.io/img/crypto-exchange/api-integration.svg]
[www.blockchainfirm.io/img/crypto-exchange/security.svg]
[www.blockchainfirm.io/img/crypto-exchange/peer-to-peer-exchange-platform.svg]
[www.blockchainfirm.io/img/crypto-exchange/support.svg]
[www.blockchainfirm.io/img/crypto-trading-bot-development/Crypto-Trading-Bot-banner.jpg]
[www.blockchainfirm.io/img/Marketing.jpg]
[www.blockchainfirm.io/css/crypto-trading-bot-development.css]
[pro.fontawesome.com/releases/v5.10.0/css/all.css]
[www.blockchainfirm.io/img/crypto-trading-bot-development/automation-of-trading-strategies.svg]
[www.blockchainfirm.io/img/crypto-trading-bot-development/integration-ready-bots.svg]
[www.blockchainfirm.io/img/crypto-trading-bot-development/crypto-cloud-services.svg]
[www.blockchainfirm.io/img/crypto-trading-bot-development/market-making-bots.svg]
[www.blockchainfirm.io/img/crypto-trading-bot-development/trading-bot-customization.svg]
[www.blockchainfirm.io/img/crypto-trading-bot-development/trading-bot-integration.svg]
[www.blockchainfirm.io/img/crypto-trading-bot-development/saas.svg]
[www.blockchainfirm.io/img/crypto-trading-bot-development/subscription.svg]
[www.blockchainfirm.io/img/crypto-trading-bot-development/business.svg]
[www.blockchainfirm.io/img/crypto-trading-bot-development/cloud-integration.svg]
[www.blockchainfirm.io/img/crypto-trading-bot-development/ui-ux.svg]
[www.blockchainfirm.io/img/crypto-trading-bot-development/strategy-analysis.svg]
[www.blockchainfirm.io/img/crypto-trading-bot-development/real-time-testing.svg]
[www.blockchainfirm.io/img/crypto-trading-bot-development/accuracy-calculation.svg]
[www.blockchainfirm.io/img/crypto-trading-bot-development/launch.svg]
[www.blockchainfirm.io/img/crypto-trading-bot-development/regulated-environment.svg]
[www.blockchainfirm.io/img/Development Approach/Requirements Gathering.svg]
[www.blockchainfirm.io/img/Development Approach/MVP Design.svg]
[www.blockchainfirm.io/img/multi-currency-wallet/CryptoWallet-Development-banner.jpg]
[www.blockchainfirm.io/css/multicurrency-wallet.css]
[www.blockchainfirm.io/img/multi-currency-wallet/defi-wallet.svg]
[www.blockchainfirm.io/img/multi-currency-wallet/nft-wallet.svg]
[www.blockchainfirm.io/img/multi-currency-wallet/custodial-wallet.svg]
[www.blockchainfirm.io/img/multi-currency-wallet/mobile-wallet.svg]
[www.blockchainfirm.io/img/multi-currency-wallet/two factor auth.svg]
[www.blockchainfirm.io/img/multi-currency-wallet/session-logout.svg]
[www.blockchainfirm.io/img/multi-currency-wallet/threat-protrction.svg]
[www.blockchainfirm.io/img/multi-currency-wallet/wallet-backup.svg]
[www.blockchainfirm.io/img/multi-currency-wallet/breach-investigation.svg]
[www.blockchainfirm.io/img/multi-currency-wallet/email-authentication.svg]
[www.blockchainfirm.io/img/multi-currency-wallet/planning.svg]
[www.blockchainfirm.io/img/multi-currency-wallet/development.svg]
[www.blockchainfirm.io/img/multi-currency-wallet/testing.svg]
[www.blockchainfirm.io/img/crypto-exchange/exchange.jpg]
[www.blockchainfirm.io/css/crypto-exchange.css]
[www.blockchainfirm.io/img/solutions/solution-bg/finance-banner.jpg]
[www.blockchainfirm.io/img/solutions/solution-bg/healthcare-banner.jpg]
[www.blockchainfirm.io/img/solutions/solution-bg/insurance-banner.jpg]
[www.blockchainfirm.io/img/solutions/solution-bg/real-estate-banner.jpg]
[www.blockchainfirm.io/img/solutions/solution-bg/iot-banner.jpg]
[www.blockchainfirm.io/img/solutions/solution-bg/e-commerce-banner.jpg]
[www.blockchainfirm.io/img/solutions/solution-bg/gaming-banner.jpg]
[www.blockchainfirm.io/img/solutions/solution-bg/voting-banner.jpg]
[www.blockchainfirm.io/img/solutions/solution-bg/digital-records-banner.jpg]
[www.blockchainfirm.io/img/solutions/solution-bg/cryptocurrency-development.jpg]
[www.blockchainfirm.io/img/solutions/solution-bg/blockchain-certification-banner.jpg]
[www.blockchainfirm.io/img/services-banner/Dapps-fullview.jpg]
[www.blockchainfirm.io/img/services-banner/Blockchain-development-services.jpg]
[www.blockchainfirm.io/img/solutions/solution-bg/supply-chain-banner.jpg]
[www.blockchainfirm.io/img/solutions/solution-bg/ai-banner.jpg]
[www.blockchainfirm.io/img/solutions/solution-bg/digital-identity-banner.jpg]
[www.blockchainfirm.io/img/solutions/solution-bg/social-media-banner.jpg]
[www.blockchainfirm.io/img/solutions/solution-bg/smart-contract-audit-banner.jpg]
[www.blockchainfirm.io/img/solutions/solution-bg/poc-banner.jpg]
[www.blockchainfirm.io/img/services-banner/Smart-contract-services.jpg]
[www.blockchainfirm.io/img/services-banner/Blockchain-consulting-services.jpg]
[www.blockchainfirm.io/img/solutions/solution-bg/mobile-app-banner.jpg]
[www.blockchainfirm.io/img/services-banner/ICO-development-services_1.jpg]
[www.blockchainfirm.io/img/solutions/solution-bg/ico-marketing-banner.jpg]
[www.blockchainfirm.io/img/solutions/solution-bg/ieo-development-banner.jpg]
[www.blockchainfirm.io/img/services-banner/NFT-Development-services.jpg]
[www.blockchainfirm.io/img/solutions/solution-bg/nft-banner.jpg]
[www.blockchainfirm.io/css/solution.css]
[www.blockchainfirm.io/img/solutions/ieo/trust.svg]
[www.blockchainfirm.io/img/icons/Transparent.svg]
[www.blockchainfirm.io/img/solutions/ieo/security.svg]
[www.blockchainfirm.io/img/solutions/ieo/kyc-aml.svg]
[www.blockchainfirm.io/img/icons/Quick-Process.svg]
[www.blockchainfirm.io/img/icons/High-Success-Rate.svg]
[www.blockchainfirm.io/img/nft/finalzing requirments.svg]
[www.blockchainfirm.io/img/nft/consensus understanding.svg]
[www.blockchainfirm.io/img/nft/feedback and improvement.svg]
[www.blockchainfirm.io/img/nft/audit & fixes.svg]
[www.blockchainfirm.io/img/nft/risk management.svg]
[www.blockchainfirm.io/img/nft/unique tech.svg]
[www.blockchainfirm.io/img/nft/advanced solutions.svg]
[www.blockchainfirm.io/img/Development Approach/Blockchain Development.svg]
[www.blockchainfirm.io/img/bn-devlop/health care.svg]
[www.blockchainfirm.io/img/bn-devlop/gaming.svg]
[www.blockchainfirm.io/img/bn-devlop/suppluchain.svg]
[www.blockchainfirm.io/img/bn-devlop/banking.svg]
[www.blockchainfirm.io/img/bn-devlop/education.svg]
[www.blockchainfirm.io/img/bn-devlop/insurance.svg]
[www.blockchainfirm.io/img/nft/operational efficiecy.svg]
[www.blockchainfirm.io/img/nft/rsk management.svg]
[www.blockchainfirm.io/img/nft/more revenue streams.svg]
[www.blockchainfirm.io/img/nft/new oppoturnity.svg]
[www.blockchainfirm.io/img/bn-devlop/ethereum.svg]
[www.blockchainfirm.io/img/bn-devlop/hyperledger.svg]
[www.blockchainfirm.io/img/bn-devlop/stellar.svg]
[www.blockchainfirm.io/img/bn-devlop/eos.svg]
[www.blockchainfirm.io/img/bn-devlop/tezos.svg]
[www.blockchainfirm.io/img/bn-devlop/tron.svg]
[www.blockchainfirm.io/img/realestate-token/property listing.svg]
[www.blockchainfirm.io/img/realestate-token/hybrid token.svg]
[www.blockchainfirm.io/img/realestate-token/fraction ownership.svg]
[www.blockchainfirm.io/img/realestate-token/crowd funding.svg]
[www.blockchainfirm.io/img/realestate-token/leasing and rental .svg]
[www.blockchainfirm.io/img/realestate-token/loan and mortgage.svg]
[www.blockchainfirm.io/img/realestate-token/High-Volume Liquidity.svg]
[www.blockchainfirm.io/img/realestate-token/Globalization.svg]
[www.blockchainfirm.io/img/realestate-token/Instant Transaction Settlements.svg]
[www.blockchainfirm.io/img/realestate-token/Cost-efficiency.svg]
[www.blockchainfirm.io/img/realestate-token/Data Transparency.svg]
[www.blockchainfirm.io/img/realestate-token/Customizability.svg]
[www.blockchainfirm.io/img/realestate-token/Process Automation.svg]
[www.blockchainfirm.io/img/realestate-token/Diversified Property Portfolio.svg]
[www.blockchainfirm.io/img/realestate-token/proof of ownership.svg]
[www.blockchainfirm.io/img/realestate-token/requirements and mvp.svg]
[www.blockchainfirm.io/img/realestate-token/smart contract implementation.svg]
[www.blockchainfirm.io/img/realestate-token/nft token.svg]
[www.blockchainfirm.io/img/realestate-token/website development.svg]
[www.blockchainfirm.io/img/realestate-token/customized token.svg]
[www.blockchainfirm.io/img/realestate-token/Marketing service.svg]
[www.blockchainfirm.io/img/ico-develop/global-outreach.svg]
[www.blockchainfirm.io/img/ico-develop/great-oppurtunities.svg]
[www.blockchainfirm.io/img/ico-develop/easy-accessiility.svg]
[www.blockchainfirm.io/img/ico-develop/large-funds.svg]
[www.blockchainfirm.io/img/ico-develop/business flow.svg]
[www.blockchainfirm.io/img/ico-develop/token dev.svg]
[www.blockchainfirm.io/img/ico-develop/white paper.svg]
[www.blockchainfirm.io/img/ico-develop/DASHBOARD DESIGN.svg]
[www.blockchainfirm.io/img/ico-develop/smart contract.svg]
[www.blockchainfirm.io/img/ico-develop/EXCHANGE LISTING.svg]
[www.blockchainfirm.io/img/ico-develop/Market analysis-1.svg]
[www.blockchainfirm.io/img/ico-develop/community outreach.svg]
[www.blockchainfirm.io/img/ico-develop/social channels-1.svg]
[www.blockchainfirm.io/img/ico-develop/paid advertising-1.svg]
[www.blockchainfirm.io/img/ico-develop/validation.svg]
[www.blockchainfirm.io/img/ico-develop/deesign and dev.svg]
[www.blockchainfirm.io/img/ico-develop/marketing-1.svg]
[www.blockchainfirm.io/img/Development Approach/Tokenomics.svg]
[www.blockchainfirm.io/img/Development Approach/ICO Fundraising.svg]
[www.blockchainfirm.io/img/Development Approach/Coin Listing.svg]
[www.blockchainfirm.io/img/crypto-trading-bot-development/market analysis.svg]
[www.blockchainfirm.io/img/crypto-trading-bot-development/website creation.svg]
[www.blockchainfirm.io/img/crypto-trading-bot-development/whitepaper document.svg]
[www.blockchainfirm.io/img/crypto-trading-bot-development/social channels.svg]
[www.blockchainfirm.io/img/crypto-trading-bot-development/paid advertising.svg]
[www.blockchainfirm.io/img/solutions/ieo/landing page development.svg]
[www.blockchainfirm.io/img/solutions/ieo/website creation.svg]
[www.blockchainfirm.io/img/solutions/ieo/marketing research.svg]
[www.blockchainfirm.io/img/solutions/ieo/social media management.svg]
[www.blockchainfirm.io/img/solutions/ieo/community engagement.svg]
[www.blockchainfirm.io/img/solutions/ieo/reputation management.svg]
[www.blockchainfirm.io/img/solutions/ieo/content managment.svg]
[www.blockchainfirm.io/img/solutions/ieo/press releases.svg]
[www.blockchainfirm.io/img/solutions/ieo/email marketing.svg]
[www.blockchainfirm.io/img/solutions/ieo/influencr marketing.svg]
[www.blockchainfirm.io/img/solutions/ieo/paid advertising.svg]
[www.blockchainfirm.io/img/solutions/ieo/video marketing.svg]
[www.blockchainfirm.io/img/solutions/smart-contract-development-services/erc-20 smart contract.svg]
[www.blockchainfirm.io/img/solutions/smart-contract-development-services/contract for stable coins.svg]
[www.blockchainfirm.io/img/solutions/smart-contract-development-services/erc-721 smart contract.svg]
[www.blockchainfirm.io/img/solutions/smart-contract-development-services/token management.svg]
[www.blockchainfirm.io/img/solutions/smart-contract-development-services/automation.svg]
[www.blockchainfirm.io/img/solutions/smart-contract-development-services/independent.svg]
[www.blockchainfirm.io/img/solutions/smart-contract-development-services/transparency.svg]
[www.blockchainfirm.io/img/solutions/smart-contract-development-services/trust.svg]
[www.blockchainfirm.io/img/solutions/smart-contract-development-services/accuracy.svg]
[www.blockchainfirm.io/img/solutions/smart-contract-development-services/analysis and design.svg]
[www.blockchainfirm.io/img/solutions/smart-contract-development-services/core development.svg]
[www.blockchainfirm.io/img/solutions/smart-contract-development-services/deployment and testing.svg]
[www.blockchainfirm.io/img/Development Approach/Smart Contract Audit.svg]
[www.blockchainfirm.io/img/dapp-icon/transaction feee.svg]
[www.blockchainfirm.io/img/dapp-icon/premium fun.svg]
[www.blockchainfirm.io/img/dapp-icon/advertisement.svg]
[www.blockchainfirm.io/img/dapp-icon/tokenizing.svg]
[www.blockchainfirm.io/img/dapp-icon/donations.svg]
[www.blockchainfirm.io/img/dapp-icon/membership.svg]
[www.blockchainfirm.io/img/dapp-icon/Ethereum.svg]
[www.blockchainfirm.io/img/dapp-icon/eos.svg]
[www.blockchainfirm.io/img/dapp-icon/tezos.svg]
[www.blockchainfirm.io/img/dapp-icon/hashgraph.svg]
[www.blockchainfirm.io/img/dapp-icon/hyperledger.svg]
[www.blockchainfirm.io/img/dapp-icon/stellar.svg]
[www.blockchainfirm.io/img/dapp-icon/tron.svg]
[www.blockchainfirm.io/img/dapp-icon/corda.svg]
[www.blockchainfirm.io/img/dapp-icon/Android App Development.svg]
[www.blockchainfirm.io/img/dapp-icon/iOS App Development.svg]
[www.blockchainfirm.io/img/dapp-icon/Cross-platform App Development.svg]
[www.blockchainfirm.io/img/crypto-trading-bot-development/fractional.svg]
[www.blockchainfirm.io/img/crypto-trading-bot-development/semi ft.svg]
[www.blockchainfirm.io/img/solutions/nft-development/nft artist.svg]
[www.blockchainfirm.io/img/solutions/nft-development/game.svg]
[www.blockchainfirm.io/img/solutions/nft-development/apparels and accessories.svg]
[www.blockchainfirm.io/img/solutions/nft-development/music industry.svg]
[www.blockchainfirm.io/img/solutions/nft-development/video content.svg]
[www.blockchainfirm.io/img/solutions/nft-development/event tickets.svg]
[www.blockchainfirm.io/img/solutions/nft-development/domain name.svg]
[www.blockchainfirm.io/img/solutions/nft-development/sport.svg]
[www.blockchainfirm.io/img/solutions/nft-development/real estate.svg]
[www.blockchainfirm.io/img/solutions/nft-token/token scarcity.svg]
[www.blockchainfirm.io/img/solutions/nft-token/uniqueness.svg]
[www.blockchainfirm.io/img/solutions/nft-token/indivisible.svg]
[www.blockchainfirm.io/img/solutions/nft-token/easy to tranfer.svg]
[www.blockchainfirm.io/img/solutions/nft-token/trustworthy.svg]
[www.blockchainfirm.io/img/solutions/nft-token/ownership rights.svg]
[www.blockchainfirm.io/img/services-banner/End-to-End-blockchain-development.jpg]
[www.blockchainfirm.io/css/end-to-end.css]
[www.blockchainfirm.io/img/end-to-end/poc.svg]
[www.blockchainfirm.io/img/end-to-end/dapps.svg]
[www.blockchainfirm.io/img/end-to-end/smart-contract.svg]
[www.blockchainfirm.io/img/bot.svg]
[www.blockchainfirm.io/img/end-to-end/support&maintenace.svg]
[www.blockchainfirm.io/img/end-to-end/supply-chain.svg]
[www.blockchainfirm.io/img/end-to-end/financial-management.svg]
[www.blockchainfirm.io/img/end-to-end/healthcare-maangement.svg]
[www.blockchainfirm.io/img/end-to-end/asset-management.svg]
[www.blockchainfirm.io/img/end-to-end/insurance-management.svg]
[www.blockchainfirm.io/img/end-to-end/ecommerce.svg]
[www.blockchainfirm.io/img/solutions/Solutions_education.jpg]
[www.blockchainfirm.io/img/solutions/solution-bg/insurance-bg.jpg]
[www.blockchainfirm.io/img/solutions/solution-bg/healthcare-bg.jpg]
[www.blockchainfirm.io/img/solutions/solution-bg/supplychain-bg.jpg]
[www.blockchainfirm.io/img/solutions/solution-bg/rewards-bg.jpg]
[www.blockchainfirm.io/img/solutions/solution-bg/social-media-bg.jpg]
[www.blockchainfirm.io/img/solutions/solution-bg/digital-identity-bg.jpg]
[www.blockchainfirm.io/img/solutions/soluiton-icons/office-back.jpg]
[www.blockchainfirm.io/css/solution-new.css]
[www.blockchainfirm.io/img/solutions/soluiton-icons/increase_capital.svg]
[www.blockchainfirm.io/img/solutions/soluiton-icons/early_adopter_of_new_technology.svg]
[www.blockchainfirm.io/img/solutions/soluiton-icons/automated_system.svg]
[www.blockchainfirm.io/img/solutions/soluiton-icons/simplified_process.svg]
[www.blockchainfirm.io/img/solutions/soluiton-icons/documentation.svg]
[www.blockchainfirm.io/img/solutions/soluiton-icons/admin.svg]
[www.blockchainfirm.io/img/solutions/soluiton-icons/Smart_Contract.svg]
[www.blockchainfirm.io/img/solutions/soluiton-icons/dapp.svg]
[www.blockchainfirm.io/img/solutions/soluiton-icons/Crypto_Payment_Gateway.svg]
[www.blockchainfirm.io/img/solutions/soluiton-icons/Support_Maintenance.svg]
[www.blockchainfirm.io/img/solutions/soluiton-icons/No_Mediators.svg]
[www.blockchainfirm.io/img/solutions/soluiton-icons/automatic_approvals.svg]
[www.blockchainfirm.io/img/solutions/soluiton-icons/Partnership_Benefits.svg]
[www.blockchainfirm.io/img/solutions/soluiton-icons/Increased_Revenue.svg]
[www.blockchainfirm.io/img/solutions/soluiton-icons/dappicon.svg]
[www.blockchainfirm.io/img/solutions/soluiton-icons/Medical_Registry.svg]
[www.blockchainfirm.io/img/solutions/soluiton-icons/Consultation_Automation.svg]
[www.blockchainfirm.io/img/solutions/soluiton-icons/Drug_Trial_Data.svg]
[www.blockchainfirm.io/img/solutions/soluiton-icons/Quick_Claims_Adjudication.svg]
[www.blockchainfirm.io/img/solutions/soluiton-icons/Automation_processes.svg]
[www.blockchainfirm.io/img/solutions/soluiton-icons/Customer_Engagement.svg]
[www.blockchainfirm.io/img/solutions/soluiton-icons/iot.svg]
[www.blockchainfirm.io/img/solutions/soluiton-icons/insurance_access.svg]
[www.blockchainfirm.io/img/solutions/soluiton-icons/Reduced_Frauds.svg]
[www.blockchainfirm.io/img/solutions/soluiton-icons/data_management.svg]
[www.blockchainfirm.io/img/solutions/soluiton-icons/visibility_traceability.svg]
[www.blockchainfirm.io/img/solutions/soluiton-icons/Advance_Bounty_Experience.svg]
[www.blockchainfirm.io/img/solutions/soluiton-icons/Streamlined_payment_process.svg]
[www.blockchainfirm.io/img/solutions/soluiton-icons/Widened_User_Base.svg]
[www.blockchainfirm.io/img/solutions/soluiton-icons/Customer_Retention.svg]
[www.blockchainfirm.io/img/solutions/soluiton-icons/mvp.svg]
[www.blockchainfirm.io/img/solutions/soluiton-icons/User_privacy.svg]
[www.blockchainfirm.io/img/solutions/soluiton-icons/Users_content_saved.svg]
[www.blockchainfirm.io/img/solutions/soluiton-icons/sharing_content.svg]
[www.blockchainfirm.io/img/solutions/soluiton-icons/Launch_NFT.svg]
[www.blockchainfirm.io/blockchain-identity-platform.html]
[www.blockchainfirm.io/img/solutions/soluiton-icons/learning_process.svg]
[www.blockchainfirm.io/img/solutions/soluiton-icons/wide_user.svg]
[www.blockchainfirm.io/img/solutions/soluiton-icons/p2p_education.svg]
[calendly.com/assets/external/widget.css]
[calendly.com/assets/external/close-icon.svg]
[www.blockchainfirm.io/img/consultation/banner-consulting.jpg]
[www.blockchainfirm.io/css/consultation.css]
[www.blockchainfirm.io/“https_/assets.calendly.com/assets/external/widget.html]
[www.blockchainfirm.io/img/nft/bg-banner.svg]
[www.blockchainfirm.io/img/solutions/fintech/closeup-shot-lit-large-lightbulb-with-blurred-background.html]
[www.blockchainfirm.io/img/solutions/fintech/Group-244.html]
[calendly.com/assets/external/close-icon.svg]
[s14.postimg.org/cwe76i4r5/paint2.png]
